enum QType ['none', 'qnull', 'qint', 'quint', 'qstring', 'qdict', 'qlist', 'qfloat', 'qbool']
    prefix QTYPE
object q_empty
