enum QType ['none', 'qnull', 'qint', 'quint', 'qstring', 'qdict', 'qlist', 'qfloat', 'qbool']
    prefix QTYPE
enum Status ['good', 'bad', 'ugly']
object q_empty
