enum QType ['none', 'qnull', 'qint', 'quint', 'qstring', 'qdict', 'qlist', 'qfloat', 'qbool']
    prefix QTYPE
command eins None -> None
   gen=True success_response=True boxed=False
object q_empty
command zwei None -> None
   gen=True success_response=True boxed=False
